[2026-04-17 21:44:16] INFO [generate_plots:31] Reading data from /private/var/folders/83/9353kc_5517028y13dxby8y40000gn/T/pytest-of-alejandrolloveras/pytest-23/test_generate_plot_success0/test_rewards.csv...
[2026-04-17 21:44:17] INFO [generate_plots:67] Plot saved successfully at: /private/var/folders/83/9353kc_5517028y13dxby8y40000gn/T/pytest-of-alejandrolloveras/pytest-23/test_generate_plot_success0/output.png
[2026-04-17 21:44:17] ERROR [generate_plots:28] Data file not found at: non_existent.csv
[2026-04-17 21:44:17] INFO [generate_plots:31] Reading data from /private/var/folders/83/9353kc_5517028y13dxby8y40000gn/T/pytest-of-alejandrolloveras/pytest-23/test_generate_plot_empty_data0/empty.csv...
[2026-04-17 21:44:17] WARNING [generate_plots:36] The CSV file at /private/var/folders/83/9353kc_5517028y13dxby8y40000gn/T/pytest-of-alejandrolloveras/pytest-23/test_generate_plot_empty_data0/empty.csv is empty or contains no parseable columns.
[2026-04-17 21:44:17] INFO [generate_plots:31] Reading data from /private/var/folders/83/9353kc_5517028y13dxby8y40000gn/T/pytest-of-alejandrolloveras/pytest-23/test_moving_average_logic0/test_rewards.csv...
[2026-04-17 21:44:17] INFO [generate_plots:67] Plot saved successfully at: /private/var/folders/83/9353kc_5517028y13dxby8y40000gn/T/pytest-of-alejandrolloveras/pytest-23/test_moving_average_logic0/short_output.png
[2026-04-18 14:49:44] INFO [generate_plots:31] Reading data from outputs/rewards_history.csv...
[2026-04-18 14:49:46] INFO [generate_plots:67] Plot saved successfully at: outputs/convergence.png
[2026-04-18 22:42:09] ERROR [generate_plots:28] Data file not found at: output/history/rewards_20260418_201605.csv
[2026-04-18 22:42:18] INFO [generate_plots:31] Reading data from outputs/history/rewards_20260418_201605.csv...
[2026-04-18 22:42:18] INFO [generate_plots:35] Generating plot for training session: 20260418_201605
[2026-04-18 22:42:20] INFO [generate_plots:74] Plot saved successfully at: outputs/convergence_20260418_201605.png
[2026-04-19 02:41:05] INFO [generate_plots:31] Reading data from outputs/history/rewards_20260419_043546.csv...
[2026-04-19 02:41:05] INFO [generate_plots:35] Generating plot for training session: 20260419_043546
[2026-04-19 02:41:06] INFO [generate_plots:74] Plot saved successfully at: outputs/convergence_20260419_043546.png
[2026-04-20 15:33:03] INFO [generate_plots.py:31] Reading data from outputs/history/rewards_20260420_174910.csv...
[2026-04-20 15:33:03] INFO [generate_plots.py:35] Generating plot for training session: 20260420_174910
[2026-04-20 15:33:04] INFO [generate_plots.py:74] Plot saved successfully at: outputs/convergence_20260420_174910.png
[2026-04-21 14:35:36] INFO [generate_plots:31] Reading data from outputs/history/rewards_20260421_155029.csv...
[2026-04-21 14:35:36] INFO [generate_plots:35] Generating plot for training session: 20260421_155029
[2026-04-21 14:35:38] INFO [generate_plots:74] Plot saved successfully at: outputs/convergence_20260421_155029.png
[2026-04-21 21:13:00] ERROR [generate_plots:28] Data file not found at: outputs/history/rewards_20260421_193433.csv
[2026-04-21 21:14:07] INFO [generate_plots:31] Reading data from outputs/history/rewards_20260421_193433.csv...
[2026-04-21 21:14:07] INFO [generate_plots:35] Generating plot for training session: 20260421_193433
[2026-04-21 21:14:08] INFO [generate_plots:74] Plot saved successfully at: outputs/convergence_20260421_193433.png
[2026-04-22 14:34:40] INFO [generate_plots:31] Reading data from outputs/rewards_20260422_131721.csv...
[2026-04-22 14:34:40] INFO [generate_plots:35] Generating plot for training session: 20260422_131721
[2026-04-22 14:34:42] INFO [generate_plots:74] Plot saved successfully at: outputs/convergence_20260422_131721.png
[2026-04-22 14:36:08] INFO [generate_plots:31] Reading data from outputs/rewards_20260422_131721.csv...
[2026-04-22 14:36:08] INFO [generate_plots:35] Generating plot for training session: 20260422_131721
[2026-04-22 14:36:10] INFO [generate_plots:74] Plot saved successfully at: outputs/convergence_20260422_131721.png
[2026-04-22 14:36:30] INFO [generate_plots:31] Reading data from outputs/rewards_20260422_131721.csv...
[2026-04-22 14:36:30] INFO [generate_plots:35] Generating plot for training session: 20260422_131721
[2026-04-22 14:36:32] INFO [generate_plots:74] Plot saved successfully at: outputs/convergence_20260422_131721.png
[2026-04-25 16:35:45] INFO [generate_plots:31] Reading data from outputs/rewards_20260425_142549.csv...
[2026-04-25 16:35:45] INFO [generate_plots:35] Generating plot for training session: 20260425_142549
[2026-04-25 16:35:46] INFO [generate_plots:74] Plot saved successfully at: outputs/convergence_20260425_142549.png
